#-----------------------------------------------------------
# Vivado v2020.2 (64-bit)
# SW Build 3064766 on Wed Nov 18 09:12:45 MST 2020
# IP Build 3064653 on Wed Nov 18 14:17:31 MST 2020
# Start of session at: Thu Apr  6 22:43:21 2023
# Process ID: 20568
# Current directory: C:/Users/ansar/Desktop/Alchitry Projects/traffic-light-showdown/traffic-light-showdown/work/vivado/traffic_light_showdown/traffic_light_showdown.runs/impl_1
# Command line: vivado.exe -log au_top_0.vdi -applog -product Vivado -messageDb vivado.pb -mode batch -source au_top_0.tcl -notrace
# Log file: C:/Users/ansar/Desktop/Alchitry Projects/traffic-light-showdown/traffic-light-showdown/work/vivado/traffic_light_showdown/traffic_light_showdown.runs/impl_1/au_top_0.vdi
# Journal file: C:/Users/ansar/Desktop/Alchitry Projects/traffic-light-showdown/traffic-light-showdown/work/vivado/traffic_light_showdown/traffic_light_showdown.runs/impl_1\vivado.jou
#-----------------------------------------------------------
source au_top_0.tcl -notrace
